
=== 00 backend/tests/academic/test_education_stage_progress.py exit=0 passed=2 ===
..                                                                       [100%]
2 passed in 3.70s


=== 01 backend/tests/academic/test_secretary_lifecycle.py exit=0 passed=2 ===
..                                                                       [100%]
2 passed in 3.29s


=== 02 backend/tests/admissions/test_admissions_funnel.py exit=0 passed=2 ===
..                                                                       [100%]
2 passed in 3.27s


=== 03 backend/tests/analytics/test_analytics.py exit=0 passed=2 ===
..                                                                       [100%]
2 passed in 3.51s


=== 04 backend/tests/app_factory/test_app_factory.py exit=0 passed=2 ===
..                                                                       [100%]
2 passed in 3.01s


=== 05 backend/tests/attendance/test_attendance.py exit=0 passed=2 ===
..                                                                       [100%]
2 passed in 3.30s


=== 06 backend/tests/branding/test_branding.py exit=0 passed=2 ===
..                                                                       [100%]
2 passed in 2.82s


=== 07 backend/tests/branding/test_official_asset_import.py exit=0 passed=3 ===
...                                                                      [100%]
3 passed in 0.25s


=== 08 backend/tests/canteen/test_canteen_wallet_policies.py exit=0 passed=1 ===
.                                                                        [100%]
1 passed in 2.30s


=== 09 backend/tests/communication/test_communication.py exit=0 passed=3 ===
...                                                                      [100%]
3 passed in 5.34s


=== 10 backend/tests/communication/test_notification_delivery.py exit=0 passed=2 ===
..                                                                       [100%]
2 passed in 2.82s


=== 11 backend/tests/compliance/test_lgpd.py exit=0 passed=3 ===
...                                                                      [100%]
3 passed in 5.18s


=== 12 backend/tests/contract/test_contract_lifecycle.py exit=0 passed=2 ===
..                                                                       [100%]
2 passed in 3.40s


=== 13 backend/tests/contract/test_contracts.py exit=0 passed=1 ===
.                                                                        [100%]
1 passed in 1.59s


=== 14 backend/tests/contract/test_openapi.py exit=0 passed=1 ===
.                                                                        [100%]
1 passed in 2.22s


=== 15 backend/tests/contract/test_otp_delivery.py exit=0 passed=1 ===
.                                                                        [100%]
1 passed in 1.42s


=== 16 backend/tests/contract/test_pades_engine.py exit=0 passed=2 ===
..                                                                       [100%]
2 passed in 0.30s


=== 17 backend/tests/contract/test_signature_providers.py exit=0 passed=7 ===
.......                                                                  [100%]
7 passed in 10.85s


=== 18 backend/tests/database/test_postgres_sql_contract.py exit=0 passed=3 ===
...                                                                      [100%]
3 passed in 0.03s


=== 19 backend/tests/e2e/test_operational_flow.py exit=0 passed=1 ===
.                                                                        [100%]
1 passed in 1.92s


=== 20 backend/tests/engagement/test_notices_requests.py exit=0 passed=2 ===
..                                                                       [100%]
2 passed in 3.64s


=== 21 backend/tests/events/test_event_delivery.py exit=0 passed=5 ===
.....                                                                    [100%]
5 passed in 6.94s


=== 22 backend/tests/events/test_event_travel_lifecycle.py exit=0 passed=1 ===
.                                                                        [100%]
1 passed in 1.60s


=== 23 backend/tests/execution/test_portable_checkpoint_builder.py exit=0 passed=1 ===
.                                                                        [100%]
1 passed in 0.60s


=== 24 backend/tests/finance/test_finance_banking_services.py exit=0 passed=3 ===
...                                                                      [100%]
3 passed in 5.01s


=== 25 backend/tests/fiscal/test_fiscal_catalog_classifications.py exit=0 passed=2 ===
..                                                                       [100%]
2 passed in 3.66s


=== 26 backend/tests/fiscal/test_fiscal_context_versioning.py exit=0 passed=3 ===
...                                                                      [100%]
3 passed in 4.00s


=== 27 backend/tests/fiscal/test_fiscal_delivery.py exit=0 passed=2 ===
..                                                                       [100%]
2 passed in 3.03s


=== 28 backend/tests/fiscal/test_fiscal_strategies_rtc.py exit=0 passed=1 ===
.                                                                        [100%]
1 passed in 2.03s


=== 29 backend/tests/fiscal/test_fiscal_tax_calculation_engine.py exit=0 passed=3 ===
...                                                                      [100%]
3 passed in 4.36s


=== 30 backend/tests/fiscal/test_ibpt_operational_resilience.py exit=0 passed=1 ===
.                                                                        [100%]
1 passed in 1.30s


=== 31 backend/tests/fiscal/test_ibpt_sync.py exit=0 passed=2 ===
..                                                                       [100%]
2 passed in 2.94s


=== 32 backend/tests/frontend/test_tenant_admin_vertical_modules.py exit=0 passed=4 ===
....                                                                     [100%]
4 passed in 0.05s


=== 33 backend/tests/government_education/test_government_education.py exit=0 passed=2 ===
..                                                                       [100%]
2 passed in 3.63s


=== 34 backend/tests/health/test_health.py exit=0 passed=1 ===
.                                                                        [100%]
1 passed in 1.67s


=== 35 backend/tests/hr/test_hr_payroll_timekeeping.py exit=0 passed=2 ===
..                                                                       [100%]
2 passed in 3.56s


=== 36 backend/tests/integrations/test_external_providers.py exit=0 passed=4 ===
....                                                                     [100%]
4 passed in 5.48s


=== 37 backend/tests/library/test_library.py exit=0 passed=1 ===
.                                                                        [100%]
1 passed in 2.62s


=== 38 backend/tests/mail/test_mail_client.py exit=0 passed=2 ===
..                                                                       [100%]
2 passed in 3.38s


=== 39 backend/tests/migrations/test_fiscal_catalogs_classifications_migration.py exit=0 passed=2 ===
..                                                                       [100%]
2 passed in 1.86s


=== 40 backend/tests/migrations/test_fiscal_context_versioning_migration.py exit=0 passed=2 ===
..                                                                       [100%]
2 passed in 1.69s


=== 41 backend/tests/migrations/test_fiscal_strategies_rtc_migration.py exit=0 passed=2 ===
..                                                                       [100%]
2 passed in 1.69s


=== 42 backend/tests/migrations/test_fiscal_tax_calculation_engine_migration.py exit=0 passed=2 ===
..                                                                       [100%]
2 passed in 1.96s


=== 43 backend/tests/migrations/test_ibpt_operational_resilience_migration.py exit=0 passed=2 ===
..                                                                       [100%]
2 passed in 1.92s


=== 44 backend/tests/migrations/test_inventory_reorder_suggestions_migration.py exit=0 passed=2 ===
..                                                                       [100%]
2 passed in 1.95s


=== 45 backend/tests/migrations/test_services_procurement_assets_migration.py exit=0 passed=2 ===
..                                                                       [100%]
2 passed in 1.75s


=== 46 backend/tests/pedagogy/test_grading_report_card.py exit=0 passed=2 ===
..                                                                       [100%]
2 passed in 4.39s


=== 47 backend/tests/pedagogy/test_lesson_planning.py exit=0 passed=2 ===
..                                                                       [100%]
2 passed in 3.83s


=== 48 backend/tests/platform/test_control_plane.py exit=0 passed=2 ===
..                                                                       [100%]
2 passed in 2.64s


=== 49 backend/tests/portals/test_portal_scope.py exit=0 passed=4 ===
....                                                                     [100%]
4 passed in 5.52s


=== 50 backend/tests/reporting/test_reporting.py exit=0 passed=2 ===
..                                                                       [100%]
2 passed in 2.74s


=== 51 backend/tests/sales/test_inventory_reorder_suggestions.py exit=0 passed=2 ===
..                                                                       [100%]
2 passed in 3.03s


=== 52 backend/tests/sales/test_procurement_assets_vertical.py exit=0 passed=1 ===
.                                                                        [100%]
1 passed in 2.06s


=== 53 backend/tests/sales/test_sales_inventory_procurement.py exit=0 passed=4 ===
....                                                                     [100%]
4 passed in 5.76s


=== 54 backend/tests/security/test_host_and_auth.py exit=0 passed=3 ===
...                                                                      [100%]
3 passed in 3.77s


=== 55 backend/tests/services/test_services_vertical.py exit=0 passed=1 ===
.                                                                        [100%]
1 passed in 1.69s


=== 56 backend/tests/storage/test_object_storage.py exit=0 passed=2 ===
..                                                                       [100%]
2 passed in 0.03s


=== 57 backend/tests/tenancy/test_isolation.py exit=0 passed=2 ===
..                                                                       [100%]
2 passed in 2.53s


=== 58 backend/tests/transportation/test_transportation.py exit=0 passed=1 ===
.                                                                        [100%]
1 passed in 1.43s


=== 59 backend/tests/unit/test_ids_and_passwords.py exit=0 passed=2 ===
..                                                                       [100%]
2 passed in 0.26s


=== 60 backend/tests/workflows/test_workflows.py exit=0 passed=4 ===
....                                                                     [100%]
4 passed in 6.79s

