files=57
passed=128
failed_files=0
seconds=125.618
0	2	18.089	backend/tests/academic/test_education_stage_progress.py
0	2	13.555	backend/tests/academic/test_secretary_lifecycle.py
0	2	13.178	backend/tests/admissions/test_admissions_funnel.py
0	2	13.654	backend/tests/analytics/test_analytics.py
0	2	12.476	backend/tests/app_factory/test_app_factory.py
0	2	13.378	backend/tests/attendance/test_attendance.py
0	2	11.69	backend/tests/branding/test_branding.py
0	3	6.502	backend/tests/branding/test_official_asset_import.py
0	1	11.175	backend/tests/canteen/test_canteen_wallet_policies.py
0	3	14.369	backend/tests/communication/test_communication.py
0	2	12.158	backend/tests/communication/test_notification_delivery.py
0	3	15.308	backend/tests/compliance/test_lgpd.py
0	2	13.477	backend/tests/contract/test_contract_lifecycle.py
0	1	9.988	backend/tests/contract/test_contracts.py
0	1	10.362	backend/tests/contract/test_openapi.py
0	1	11.301	backend/tests/contract/test_otp_delivery.py
0	2	6.746	backend/tests/contract/test_pades_engine.py
0	7	29.048	backend/tests/contract/test_signature_providers.py
0	3	6.908	backend/tests/database/test_postgres_sql_contract.py
0	1	9.767	backend/tests/e2e/test_operational_flow.py
0	2	13.586	backend/tests/engagement/test_notices_requests.py
0	5	21.585	backend/tests/events/test_event_delivery.py
0	1	9.286	backend/tests/events/test_event_travel_lifecycle.py
0	1	6.89	backend/tests/execution/test_portable_checkpoint_builder.py
0	3	13.824	backend/tests/finance/test_finance_banking_services.py
0	2	12.711	backend/tests/fiscal/test_fiscal_catalog_classifications.py
0	3	15.961	backend/tests/fiscal/test_fiscal_context_versioning.py
0	2	11.033	backend/tests/fiscal/test_fiscal_delivery.py
0	3	15.241	backend/tests/fiscal/test_fiscal_tax_calculation_engine.py
0	2	12.58	backend/tests/fiscal/test_ibpt_sync.py
0	4	6.545	backend/tests/frontend/test_tenant_admin_vertical_modules.py
0	2	12.422	backend/tests/government_education/test_government_education.py
0	1	9.64	backend/tests/health/test_health.py
0	2	13.277	backend/tests/hr/test_hr_payroll_timekeeping.py
0	4	22.277	backend/tests/integrations/test_external_providers.py
0	1	10.895	backend/tests/library/test_library.py
0	2	19.302	backend/tests/mail/test_mail_client.py
0	2	9.85	backend/tests/migrations/test_fiscal_catalogs_classifications_migration.py
0	2	10.309	backend/tests/migrations/test_fiscal_context_versioning_migration.py
0	2	10.722	backend/tests/migrations/test_fiscal_tax_calculation_engine_migration.py
0	2	11.062	backend/tests/migrations/test_inventory_reorder_suggestions_migration.py
0	2	9.94	backend/tests/migrations/test_services_procurement_assets_migration.py
0	2	16.2	backend/tests/pedagogy/test_grading_report_card.py
0	2	13.374	backend/tests/pedagogy/test_lesson_planning.py
0	2	12.589	backend/tests/platform/test_control_plane.py
0	4	19.04	backend/tests/portals/test_portal_scope.py
0	2	13.246	backend/tests/reporting/test_reporting.py
0	2	12.379	backend/tests/sales/test_inventory_reorder_suggestions.py
0	1	9.824	backend/tests/sales/test_procurement_assets_vertical.py
0	4	18.236	backend/tests/sales/test_sales_inventory_procurement.py
0	3	13.972	backend/tests/security/test_host_and_auth.py
0	1	9.14	backend/tests/services/test_services_vertical.py
0	2	6.206	backend/tests/storage/test_object_storage.py
0	2	11.742	backend/tests/tenancy/test_isolation.py
0	1	9.178	backend/tests/transportation/test_transportation.py
0	2	6.896	backend/tests/unit/test_ids_and_passwords.py
0	4	11.815	backend/tests/workflows/test_workflows.py
