backend/tests/academic/test_education_stage_progress.py exit=0 passed=2 seconds=8.11
backend/tests/academic/test_secretary_lifecycle.py exit=0 passed=2 seconds=7.21
backend/tests/admissions/test_admissions_funnel.py exit=0 passed=2 seconds=7.75
backend/tests/analytics/test_analytics.py exit=0 passed=2 seconds=7.39
backend/tests/app_factory/test_app_factory.py exit=0 passed=2 seconds=7.14
backend/tests/attendance/test_attendance.py exit=0 passed=2 seconds=7.52
backend/tests/branding/test_branding.py exit=0 passed=2 seconds=7.10
backend/tests/branding/test_official_asset_import.py exit=0 passed=3 seconds=4.34
backend/tests/canteen/test_canteen_wallet_policies.py exit=0 passed=1 seconds=6.59
backend/tests/communication/test_communication.py exit=0 passed=3 seconds=8.33
backend/tests/communication/test_notification_delivery.py exit=0 passed=2 seconds=7.30
backend/tests/compliance/test_lgpd.py exit=0 passed=3 seconds=9.32
backend/tests/contract/test_contract_lifecycle.py exit=0 passed=2 seconds=7.19
backend/tests/contract/test_contracts.py exit=0 passed=1 seconds=5.72
backend/tests/contract/test_openapi.py exit=0 passed=1 seconds=6.59
backend/tests/contract/test_otp_delivery.py exit=0 passed=1 seconds=5.70
backend/tests/contract/test_pades_engine.py exit=0 passed=2 seconds=4.51
backend/tests/contract/test_signature_providers.py exit=0 passed=7 seconds=16.34
backend/tests/database/test_postgres_sql_contract.py exit=0 passed=3 seconds=4.26
backend/tests/e2e/test_operational_flow.py exit=0 passed=1 seconds=5.96
backend/tests/engagement/test_notices_requests.py exit=0 passed=2 seconds=7.33
backend/tests/events/test_event_delivery.py exit=0 passed=5 seconds=11.59
backend/tests/events/test_event_travel_lifecycle.py exit=0 passed=1 seconds=6.40
backend/tests/execution/test_portable_checkpoint_builder.py exit=0 passed=1 seconds=4.79
backend/tests/finance/test_finance_banking_services.py exit=0 passed=3 seconds=8.57
backend/tests/fiscal/test_fiscal_catalog_classifications.py exit=0 passed=2 seconds=8.01
backend/tests/fiscal/test_fiscal_catalog_governance.py exit=0 passed=4 seconds=11.47
backend/tests/fiscal/test_fiscal_context_versioning.py exit=0 passed=3 seconds=8.71
backend/tests/fiscal/test_fiscal_delivery.py exit=0 passed=2 seconds=7.43
backend/tests/fiscal/test_fiscal_strategies_rtc.py exit=0 passed=1 seconds=6.98
backend/tests/fiscal/test_fiscal_tax_calculation_engine.py exit=0 passed=3 seconds=9.44
backend/tests/fiscal/test_ibpt_operational_resilience.py exit=0 passed=1 seconds=5.70
backend/tests/fiscal/test_ibpt_sync.py exit=0 passed=2 seconds=7.50
backend/tests/frontend/test_tenant_admin_vertical_modules.py exit=0 passed=4 seconds=4.35
backend/tests/government_education/test_government_education.py exit=0 passed=2 seconds=7.49
backend/tests/health/test_health.py exit=0 passed=1 seconds=6.11
backend/tests/hr/test_hr_payroll_timekeeping.py exit=0 passed=2 seconds=8.25
backend/tests/integrations/test_external_providers.py exit=0 passed=4 seconds=9.43
backend/tests/library/test_library.py exit=0 passed=1 seconds=5.74
backend/tests/mail/test_mail_client.py exit=0 passed=2 seconds=7.82
backend/tests/migrations/test_fiscal_catalog_governance_imports_migration.py exit=0 passed=2 seconds=6.16
backend/tests/migrations/test_fiscal_catalogs_classifications_migration.py exit=0 passed=2 seconds=6.33
backend/tests/migrations/test_fiscal_context_versioning_migration.py exit=0 passed=2 seconds=6.20
backend/tests/migrations/test_fiscal_strategies_rtc_migration.py exit=0 passed=2 seconds=6.15
backend/tests/migrations/test_fiscal_tax_calculation_engine_migration.py exit=0 passed=2 seconds=6.05
backend/tests/migrations/test_ibpt_operational_resilience_migration.py exit=0 passed=2 seconds=5.95
backend/tests/migrations/test_inventory_reorder_suggestions_migration.py exit=0 passed=2 seconds=6.74
backend/tests/migrations/test_services_procurement_assets_migration.py exit=0 passed=2 seconds=6.65
backend/tests/pedagogy/test_grading_report_card.py exit=0 passed=2 seconds=7.87
backend/tests/pedagogy/test_lesson_planning.py exit=0 passed=2 seconds=7.72
backend/tests/platform/test_control_plane.py exit=0 passed=2 seconds=7.00
backend/tests/portals/test_portal_scope.py exit=0 passed=4 seconds=10.69
backend/tests/reporting/test_reporting.py exit=0 passed=2 seconds=7.08
backend/tests/sales/test_inventory_reorder_suggestions.py exit=0 passed=2 seconds=8.40
backend/tests/sales/test_procurement_assets_vertical.py exit=0 passed=1 seconds=5.98
backend/tests/sales/test_sales_inventory_procurement.py exit=0 passed=4 seconds=10.89
backend/tests/security/test_host_and_auth.py exit=0 passed=3 seconds=8.77
backend/tests/services/test_services_vertical.py exit=0 passed=1 seconds=6.03
backend/tests/storage/test_object_storage.py exit=0 passed=2 seconds=4.26
backend/tests/tenancy/test_isolation.py exit=0 passed=2 seconds=7.07
backend/tests/transportation/test_transportation.py exit=0 passed=1 seconds=6.26
backend/tests/unit/test_ids_and_passwords.py exit=0 passed=2 seconds=4.71
backend/tests/workflows/test_workflows.py exit=0 passed=4 seconds=10.13
SUMMARY {"files": 63, "passed": 140, "failed_files": 0, "seconds": 460.55}
