$ python -m compileall -q backend/app backend/tests
compile_exit=0

$ PYTHONPATH=. python -m pytest -q backend/tests -ra

==================================== ERRORS ====================================
____ ERROR collecting backend/tests/integration/test_procurement_assets.py _____
ImportError while importing test module '/mnt/data/pige360/backend/tests/integration/test_procurement_assets.py'.
Hint: make sure your test modules/packages have valid Python names.
Traceback:
/usr/lib/python3.13/importlib/__init__.py:88: in import_module
    return _bootstrap._gcd_import(name[level:], package, level)
           ^^^^^^^^^^^^^^^^^^^^^^^^^^^^^^^^^^^^^^^^^^^^^^^^^^^^
backend/tests/integration/test_procurement_assets.py:5: in <module>
    from backend.tests.conftest import TenantClient
E   ModuleNotFoundError: No module named 'backend.tests.conftest'
_________ ERROR collecting backend/tests/integration/test_services.py __________
ImportError while importing test module '/mnt/data/pige360/backend/tests/integration/test_services.py'.
Hint: make sure your test modules/packages have valid Python names.
Traceback:
/usr/lib/python3.13/importlib/__init__.py:88: in import_module
    return _bootstrap._gcd_import(name[level:], package, level)
           ^^^^^^^^^^^^^^^^^^^^^^^^^^^^^^^^^^^^^^^^^^^^^^^^^^^^
backend/tests/integration/test_services.py:5: in <module>
    from backend.tests.conftest import TenantClient
E   ModuleNotFoundError: No module named 'backend.tests.conftest'
=========================== short test summary info ============================
ERROR backend/tests/integration/test_procurement_assets.py
ERROR backend/tests/integration/test_services.py
!!!!!!!!!!!!!!!!!!! Interrupted: 2 errors during collection !!!!!!!!!!!!!!!!!!!!
2 errors in 0.25s
pytest_exit=2
