============================= test session starts ==============================
platform linux -- Python 3.13.5, pytest-9.0.2, pluggy-1.6.0 -- /opt/pyvenv/bin/python
cachedir: .pytest_cache
metadata: {'Python': '3.13.5', 'Platform': 'Linux-6.18.35-x86_64-with-glibc2.41', 'Packages': {'pytest': '9.0.2', 'pluggy': '1.6.0'}, 'Plugins': {'Faker': '40.1.2', 'ddtrace': '4.4.0', 'json-report': '1.5.0', 'cov': '7.0.0', 'anyio': '4.13.0', 'metadata': '3.1.1', 'asyncio': '1.3.0'}, 'PLATFORM': 'linux/amd64', 'CI': 'true'}
rootdir: /mnt/data/pige360/backend
configfile: pytest.ini (WARNING: ignoring pytest config in pyproject.toml!)
plugins: Faker-40.1.2, ddtrace-4.4.0, json-report-1.5.0, cov-7.0.0, anyio-4.13.0, metadata-3.1.1, asyncio-1.3.0
asyncio: mode=Mode.STRICT, debug=False, asyncio_default_fixture_loop_scope=None, asyncio_default_test_loop_scope=function
collecting ... collected 10 items

backend/tests/academic/test_education_stage_progress.py::test_early_childhood_daily_agenda_guardian_access_and_pickup PASSED
backend/tests/academic/test_education_stage_progress.py::test_higher_education_prerequisites_internship_activity_thesis_and_integralization PASSED
backend/tests/academic/test_secretary_lifecycle.py::test_secretary_enrollment_history_capacity_and_renewal PASSED
backend/tests/academic/test_secretary_lifecycle.py::test_admission_selection_history_and_conversion PASSED
backend/tests/admissions/test_admissions_funnel.py::test_admissions_public_lead_ranking_reservation_and_conversion PASSED
backend/tests/admissions/test_admissions_funnel.py::test_admission_campaign_and_process_date_validation PASSED
backend/tests/analytics/test_analytics.py::test_analytics_uses_physical_tenant_data_and_isolates_tenants PASSED
backend/tests/analytics/test_analytics.py::test_analytics_rejects_invalid_period_and_unprivileged_role PASSED
backend/tests/app_factory/test_app_factory.py::test_operational_build_farm_release_and_download PASSED
backend/tests/app_factory/test_app_factory.py::test_native_build_without_compatible_agent_stays_queued PASSEDTimeout (0:00:35)!
Thread 0x00007fa4eabff6c0 (most recent call first):
  <no Python frame>

Thread 0x00007fa503dcb780 (most recent call first):
  File "/opt/pyvenv/lib/python3.13/site-packages/_pytest/unraisableexception.py", line 33 in gc_collect_harder
  File "/opt/pyvenv/lib/python3.13/site-packages/_pytest/unraisableexception.py", line 94 in cleanup
  File "/usr/lib/python3.13/contextlib.py", line 482 in _exit_wrapper
  File "/usr/lib/python3.13/contextlib.py", line 604 in __exit__
  File "/usr/lib/python3.13/contextlib.py", line 627 in close
  File "/opt/pyvenv/lib/python3.13/site-packages/_pytest/config/__init__.py", line 1171 in _ensure_unconfigure
  File "/opt/pyvenv/lib/python3.13/site-packages/_pytest/main.py", line 360 in wrap_session
  File "/opt/pyvenv/lib/python3.13/site-packages/_pytest/main.py", line 365 in pytest_cmdline_main
  File "/opt/pyvenv/lib/python3.13/site-packages/pluggy/_callers.py", line 121 in _multicall
  File "/opt/pyvenv/lib/python3.13/site-packages/pluggy/_manager.py", line 120 in _hookexec
  File "/opt/pyvenv/lib/python3.13/site-packages/pluggy/_hooks.py", line 512 in __call__
  File "/opt/pyvenv/lib/python3.13/site-packages/_pytest/config/__init__.py", line 199 in main
  File "<stdin>", line 17 in <module>


============================= 10 passed in 29.11s ==============================
PYTEST_MAIN_RETURNED=0
