....                                                                     [100%]
=== THREADS AT SESSION FINISH ===
THREAD name='MainThread' ident=140366951937920 daemon=False alive=True
  File "<frozen runpy>", line 198, in _run_module_as_main
  File "<frozen runpy>", line 88, in _run_code
  File "/opt/pyvenv/lib/python3.13/site-packages/pytest/__main__.py", line 9, in <module>
    raise SystemExit(pytest.console_main())
  File "/opt/pyvenv/lib/python3.13/site-packages/_pytest/config/__init__.py", line 223, in console_main
    code = main()
  File "/opt/pyvenv/lib/python3.13/site-packages/_pytest/config/__init__.py", line 199, in main
    ret: ExitCode | int = config.hook.pytest_cmdline_main(config=config)
  File "/opt/pyvenv/lib/python3.13/site-packages/pluggy/_hooks.py", line 512, in __call__
    return self._hookexec(self.name, self._hookimpls.copy(), kwargs, firstresult)
  File "/opt/pyvenv/lib/python3.13/site-packages/pluggy/_manager.py", line 120, in _hookexec
    return self._inner_hookexec(hook_name, methods, kwargs, firstresult)
  File "/opt/pyvenv/lib/python3.13/site-packages/pluggy/_callers.py", line 121, in _multicall
    res = hook_impl.function(*args)
  File "/opt/pyvenv/lib/python3.13/site-packages/_pytest/main.py", line 365, in pytest_cmdline_main
    return wrap_session(config, _main)
  File "/opt/pyvenv/lib/python3.13/site-packages/_pytest/main.py", line 353, in wrap_session
    config.hook.pytest_sessionfinish(
  File "/opt/pyvenv/lib/python3.13/site-packages/pluggy/_hooks.py", line 512, in __call__
    return self._hookexec(self.name, self._hookimpls.copy(), kwargs, firstresult)
  File "/opt/pyvenv/lib/python3.13/site-packages/pluggy/_manager.py", line 120, in _hookexec
    return self._inner_hookexec(hook_name, methods, kwargs, firstresult)
  File "/opt/pyvenv/lib/python3.13/site-packages/pluggy/_callers.py", line 121, in _multicall
    res = hook_impl.function(*args)
  File "/tmp/pige360_thread_dump_plugin.py", line 10, in pytest_sessionfinish
    traceback.print_stack(frame, file=sys.stdout)
=== END THREADS ===

4 passed in 10.68s
exit=0
