[PASS] tests/analytics/test_analytics.py::test_analytics_uses_physical_tenant_data_and_isolates_tenants (3.97s)
[PASS] tests/app_factory/test_app_factory.py::test_native_build_without_compatible_agent_stays_queued (4.12s)
[PASS] tests/branding/test_branding.py::test_branding_is_versioned_and_never_leaks_between_tenants (4.24s)
[PASS] tests/communication/test_communication.py::test_templates_preferences_notifications_idempotency_and_tenant_scope (3.53s)
[PASS] tests/communication/test_notification_delivery.py::test_email_and_whatsapp_notifications_are_delivered_without_remote_io (3.41s)
[PASS] tests/contract/test_contract_lifecycle.py::test_template_with_undeclared_variable_cannot_be_published (3.18s)
[PASS] tests/contract/test_otp_delivery.py::test_signature_otp_is_delivered_once_without_persisting_plain_code (3.44s)
[PASS] tests/contract/test_signature_providers.py::test_icp_brasil_provider_opens_keypair_and_reports_truthful_trust_state (4.12s)
[PASS] tests/contract/test_signature_providers.py::test_govbr_provider_uses_oauth_discovery_fixture_without_claiming_homologation (3.22s)
[PASS] tests/contract/test_signature_providers.py::test_icp_brasil_pades_two_signers_preserve_both_incremental_revisions (3.83s)
[PASS] tests/database/test_postgres_sql_contract.py::test_insert_or_ignore_becomes_on_conflict_do_nothing (2.31s)
[PASS] tests/engagement/test_notices_requests.py::test_request_type_versioned_form_history_comments_and_scope (3.83s)
[PASS] tests/events/test_event_delivery.py::test_control_plane_event_uses_its_own_consumer_inbox (3.32s)
[PASS] tests/events/test_event_travel_lifecycle.py::test_event_registration_authorization_finance_and_trip_operations (4.04s)
[PASS] tests/finance/test_finance_banking_services.py::test_refund_bank_reconciliation_and_financial_renegotiation (3.29s)
[PASS] tests/fiscal/test_ibpt_sync.py::test_ibpt_sync_publishes_hashed_snapshot_lookup_and_diff (3.22s)
[PASS] tests/hr/test_hr_payroll_timekeeping.py::test_employment_payroll_and_timekeeping_sequence (3.18s)
[PASS] tests/integrations/test_external_providers.py::test_real_network_is_disabled_in_testing (4.19s)
[PASS] tests/library/test_library.py::test_library_policy_reservation_loan_fine_and_queue (3.07s)
[PASS] tests/pedagogy/test_lesson_planning.py::test_complete_planning_flow_with_versions_approval_and_execution (3.33s)
[PASS] tests/platform/test_control_plane.py::test_tenant_identity_cannot_enter_control_plane (3.83s)
[PASS] tests/portals/test_portal_scope.py::test_public_context_is_tenant_scoped_and_contains_no_platform_wordmark (3.83s)
[PASS] tests/reporting/test_reporting.py::test_reporting_permissions_and_required_parameters (3.67s)
[PASS] tests/sales/test_sales_inventory_procurement.py::test_partial_receipt_transfer_inventory_return_cash_and_asset_lifecycle (3.62s)
[PASS] tests/security/test_host_and_auth.py::test_token_is_bound_to_plane_and_tenant (3.36s)
[PASS] tests/storage/test_object_storage.py::test_local_object_storage_rejects_traversal (2.11s)
[PASS] tests/transportation/test_transportation.py::test_transport_schedule_events_occurrence_and_family_scope (3.43s)
[PASS] tests/workflows/test_workflows.py::test_versioned_human_workflow_roles_concurrency_and_tenant_isolation (4.23s)
[PASS] tests/workflows/test_workflows.py::test_parallel_all_approval_requires_every_role (2.98s)

29/29 nós passaram em 101.91s; falhas=0 shard=3/3
