[PASS] tests/academic/test_secretary_lifecycle.py::test_secretary_enrollment_history_capacity_and_renewal (3.97s)
[PASS] tests/analytics/test_analytics.py::test_analytics_rejects_invalid_period_and_unprivileged_role (3.87s)
[PASS] tests/attendance/test_attendance.py::test_offline_call_submission_correction_reopen_justification_and_risk (4.38s)
[PASS] tests/branding/test_branding.py::test_brand_asset_is_hashed_and_stored_in_tenant_boundary (3.35s)
[PASS] tests/communication/test_communication.py::test_template_versioning_and_notification_cancel (3.54s)
[PASS] tests/communication/test_notification_delivery.py::test_notification_replay_is_inbox_idempotent (3.17s)
[PASS] tests/contract/test_contracts.py::test_contract_snapshot_pdf_signature_evidence_and_public_validation (3.16s)
[PASS] tests/contract/test_pades_engine.py::test_two_incremental_pades_signatures_remain_valid_and_openssl_verifies (3.20s)
[PASS] tests/contract/test_signature_providers.py::test_icp_brasil_detached_cms_is_cryptographically_verifiable (3.29s)
[PASS] tests/contract/test_signature_providers.py::test_govbr_oauth_pkce_callback_embeds_pades_without_token_leak (3.23s)
[PASS] tests/database/test_postgres_sql_contract.py::test_is_placeholder_is_portable (2.27s)
[PASS] tests/e2e/test_operational_flow.py::test_end_to_end_relational_school_finance_sales_fiscal_hr_and_documents (4.74s)
[PASS] tests/events/test_event_delivery.py::test_outbox_inbox_automation_and_duplicate_replay (3.42s)
[PASS] tests/events/test_event_delivery.py::test_signed_context_rejects_tenant_tampering (3.01s)
[PASS] tests/finance/test_finance_banking_services.py::test_service_order_uses_server_price_generates_installments_and_can_be_listed (3.28s)
[PASS] tests/fiscal/test_fiscal_delivery.py::test_fiscal_requested_event_authorizes_stores_xml_and_cancels (3.27s)
[PASS] tests/fiscal/test_ibpt_sync.py::test_ibpt_manual_all_ufs_queues_27_without_remote_access (3.13s)
[PASS] tests/hr/test_hr_payroll_timekeeping.py::test_personnel_leave_timekeeping_adjustment_payroll_and_vacation_lifecycle (4.43s)
[PASS] tests/integrations/test_external_providers.py::test_secret_reference_path_traversal_is_rejected (3.57s)
[PASS] tests/mail/test_mail_client.py::test_mail_sync_read_send_draft_and_no_body_persistence (3.32s)
[PASS] tests/pedagogy/test_lesson_planning.py::test_teacher_cannot_access_or_duplicate_plan_from_another_assignment (3.98s)
[PASS] tests/portals/test_portal_scope.py::test_guardian_portal_and_pix_are_limited_to_linked_financial_dependent (4.02s)
[PASS] tests/portals/test_portal_scope.py::test_student_cannot_access_admin_documents_or_trip_emergency_and_only_sees_published_events (3.68s)
[PASS] tests/sales/test_sales_inventory_procurement.py::test_purchase_receipt_updates_stock_and_sale_emits_fiscal_request (3.82s)
[PASS] tests/sales/test_sales_inventory_procurement.py::test_reserved_stock_is_preserved_during_sale_and_transfer (3.32s)
[PASS] tests/security/test_host_and_auth.py::test_refresh_token_rotation_blocks_reuse (3.37s)
[PASS] tests/tenancy/test_isolation.py::test_relational_students_and_physical_databases_are_isolated (3.22s)
[PASS] tests/unit/test_ids_and_passwords.py::test_uuid7_is_valid_and_time_orderable (2.79s)
[PASS] tests/workflows/test_workflows.py::test_request_type_starts_frozen_workflow_and_completion_resolves_request (3.47s)

29/29 nós passaram em 101.28s; falhas=0 shard=1/3
