[PASS] tests/academic/test_secretary_lifecycle.py::test_admission_selection_history_and_conversion (3.97s)
[PASS] tests/app_factory/test_app_factory.py::test_operational_build_farm_release_and_download (4.18s)
[PASS] tests/attendance/test_attendance.py::test_teacher_without_assignment_is_blocked_and_cancelled_session_has_no_absence (4.39s)
[PASS] tests/canteen/test_canteen_wallet_policies.py::test_canteen_wallet_policy_subsidy_limits_and_refund (3.78s)
[PASS] tests/communication/test_communication.py::test_scheduled_notifications_are_promoted_once_by_beat (3.29s)
[PASS] tests/contract/test_contract_lifecycle.py::test_contract_full_lifecycle_versions_amendment_evidence_and_renewal (3.52s)
[PASS] tests/contract/test_openapi.py::test_openapi_has_unique_operation_ids_and_required_domains (3.75s)
[PASS] tests/contract/test_pades_engine.py::test_pades_detects_signed_byte_range_tampering (2.89s)
[PASS] tests/contract/test_signature_providers.py::test_icp_brasil_pades_is_embedded_and_openssl_verifies_byte_range (3.36s)
[PASS] tests/contract/test_signature_providers.py::test_govbr_real_network_remains_blocked_in_testing (3.19s)
[PASS] tests/database/test_postgres_sql_contract.py::test_is_null_remains_null_predicate (2.26s)
[PASS] tests/engagement/test_notices_requests.py::test_notice_audience_version_read_ack_and_receipts (4.14s)
[PASS] tests/events/test_event_delivery.py::test_outbox_failure_keeps_event_pending_with_backoff (3.47s)
[PASS] tests/events/test_event_delivery.py::test_operational_event_retry_clears_backoff_without_replaying_completed (3.87s)
[PASS] tests/finance/test_finance_banking_services.py::test_bank_import_is_sha256_idempotent (3.01s)
[PASS] tests/fiscal/test_fiscal_delivery.py::test_fiscal_event_without_provider_never_fakes_authorization (3.13s)
[PASS] tests/health/test_health.py::test_health_incident_medication_and_family_privacy (3.16s)
[PASS] tests/integrations/test_external_providers.py::test_providers_health_actions_and_idempotency (4.29s)
[PASS] tests/integrations/test_external_providers.py::test_capability_and_tenant_scope_are_enforced (3.06s)
[PASS] tests/mail/test_mail_client.py::test_mail_delegation_is_read_only_and_cross_tenant_isolated (3.12s)
[PASS] tests/platform/test_control_plane.py::test_platform_status_audit_and_support_session_are_operational (3.94s)
[PASS] tests/portals/test_portal_scope.py::test_student_attendance_scope_blocks_other_student (3.99s)
[PASS] tests/reporting/test_reporting.py::test_reporting_catalog_generates_xlsx_pdf_with_integrity_and_tenant_isolation (3.92s)
[PASS] tests/sales/test_sales_inventory_procurement.py::test_purchase_order_rejects_foreign_product (3.77s)
[PASS] tests/security/test_host_and_auth.py::test_unknown_host_and_public_tenant_selector_are_rejected (3.12s)
[PASS] tests/storage/test_object_storage.py::test_local_object_storage_is_tenant_scoped_and_hashes (2.28s)
[PASS] tests/tenancy/test_isolation.py::test_idempotency_replays_same_person_request_and_rejects_key_reuse (3.20s)
[PASS] tests/unit/test_ids_and_passwords.py::test_argon2_password_hash_and_minimum_policy (3.21s)
[PASS] tests/workflows/test_workflows.py::test_workflow_reassignment_and_sla_breach_once (3.65s)

29/29 nós passaram em 100.92s; falhas=0 shard=2/3
